[    0.000000] Initializing cgroup subsys cpuset
[    0.000000] Initializing cgroup subsys cpu
[    0.000000] Initializing cgroup subsys cpuacct
[    0.000000] Linux version 3.14.0-test6 (dev1@ubuntu64) (gcc version 4.9.x-google 20150123 (prerelease) (4.9.2_cos_gg_b6125c7_4.9.2-r113) ) #1 SMP Fri Jan 15 23:30:49 KST 2016
[    0.000000] KERNEL supported cpus:
[    0.000000]   Intel GenuineIntel
[    0.000000]   AMD AuthenticAMD
[    0.000000]   NSC Geode by NSC
[    0.000000]   Cyrix CyrixInstead
[    0.000000]   Centaur CentaurHauls
[    0.000000]   Transmeta GenuineTMx86
[    0.000000]   Transmeta TransmetaCPU
[    0.000000]   UMC UMC UMC UMC
[    0.000000] e820: BIOS-provided physical RAM map:
[    0.000000] BIOS-e820: [mem 0x0000000000000000-0x000000000009efff] usable
[    0.000000] BIOS-e820: [mem 0x000000000009f000-0x000000000009ffff] reserved
[    0.000000] BIOS-e820: [mem 0x00000000000d2000-0x00000000000d3fff] reserved
[    0.000000] BIOS-e820: [mem 0x00000000000dc000-0x00000000000fffff] reserved
[    0.000000] BIOS-e820: [mem 0x0000000000100000-0x000000002ff5ffff] usable
[    0.000000] BIOS-e820: [mem 0x000000002ff60000-0x000000002ff77fff] ACPI data
[    0.000000] BIOS-e820: [mem 0x000000002ff78000-0x000000002ff79fff] ACPI NVS
[    0.000000] BIOS-e820: [mem 0x000000002ff80000-0x000000002fffffff] reserved
[    0.000000] BIOS-e820: [mem 0x00000000ff800000-0x00000000ffffffff] reserved
[    0.000000] Notice: NX (Execute Disable) protection missing in CPU!
[    0.000000] SMBIOS 2.3 present.
[    0.000000] DMI: IBM 182959K/182959K, BIOS 1RET85WW (2.12 ) 12/15/2003
[    0.000000] e820: update [mem 0x00000000-0x00000fff] usable ==> reserved
[    0.000000] e820: remove [mem 0x000a0000-0x000fffff] usable
[    0.000000] e820: last_pfn = 0x2ff60 max_arch_pfn = 0x100000
[    0.000000] MTRR default type: uncachable
[    0.000000] MTRR fixed ranges enabled:
[    0.000000]   00000-9FFFF write-back
[    0.000000]   A0000-BFFFF uncachable
[    0.000000]   C0000-CFFFF write-protect
[    0.000000]   D0000-DBFFF uncachable
[    0.000000]   DC000-DFFFF write-back
[    0.000000]   E0000-FFFFF write-protect
[    0.000000] MTRR variable ranges enabled:
[    0.000000]   0 base 000000000 mask FE0000000 write-back
[    0.000000]   1 base 020000000 mask FF0000000 write-back
[    0.000000]   2 base 02FF80000 mask FFFF80000 uncachable
[    0.000000]   3 disabled
[    0.000000]   4 disabled
[    0.000000]   5 disabled
[    0.000000]   6 disabled
[    0.000000]   7 disabled
[    0.000000] PAT not supported by CPU.
[    0.000000] Scanning 1 areas for low memory corruption
[    0.000000] initial memory mapped: [mem 0x00000000-0x0bbfffff]
[    0.000000] Base memory trampoline at [8009b000] 9b000 size 16384
[    0.000000] init_memory_mapping: [mem 0x00000000-0x000fffff]
[    0.000000]  [mem 0x00000000-0x000fffff] page 4k
[    0.000000] init_memory_mapping: [mem 0x2f800000-0x2fbfffff]
[    0.000000]  [mem 0x2f800000-0x2fbfffff] page 2M
[    0.000000] init_memory_mapping: [mem 0x28000000-0x2f7fffff]
[    0.000000]  [mem 0x28000000-0x2f7fffff] page 2M
[    0.000000] init_memory_mapping: [mem 0x00100000-0x27ffffff]
[    0.000000]  [mem 0x00100000-0x003fffff] page 4k
[    0.000000]  [mem 0x00400000-0x27ffffff] page 2M
[    0.000000] init_memory_mapping: [mem 0x2fc00000-0x2ff5ffff]
[    0.000000]  [mem 0x2fc00000-0x2ff5ffff] page 4k
[    0.000000] BRK [0x0b689000, 0x0b689fff] PGTABLE
[    0.000000] ACPI: RSDP 000f6b40 000024 (v02 IBM   )
[    0.000000] ACPI: XSDT 2ff6c263 00004C (v01 IBM    TP-1R    00002120  LTP 00000000)
[    0.000000] ACPI: FACP 2ff6c300 0000F4 (v03 IBM    TP-1R    00002120 IBM  00000001)
[    0.000000] ACPI BIOS Warning (bug): 32/64X length mismatch in FADT/Gpe0Block: 64/32 (20131218/tbfadt-603)
[    0.000000] ACPI BIOS Warning (bug): 32/64X length mismatch in FADT/Gpe1Block: 0/32 (20131218/tbfadt-603)
[    0.000000] ACPI BIOS Warning (bug): Optional FADT field Gpe1Block has zero address or length: 0x000000000000102C/0x0 (20131218/tbfadt-634)
[    0.000000] ACPI: DSDT 2ff6c4e7 00B93F (v01 IBM    TP-1R    00002120 MSFT 0100000E)
[    0.000000] ACPI: FACS 2ff79000 000040
[    0.000000] ACPI: SSDT 2ff6c4b4 000033 (v01 IBM    TP-1R    00002120 MSFT 0100000E)
[    0.000000] ACPI: ECDT 2ff77e26 000052 (v01 IBM    TP-1R    00002120 IBM  00000001)
[    0.000000] ACPI: TCPA 2ff77e78 000032 (v01 IBM    TP-1R    00002120 PTL  00000001)
[    0.000000] ACPI: BOOT 2ff77fd8 000028 (v01 IBM    TP-1R    00002120  LTP 00000001)
[    0.000000] 0MB HIGHMEM available.
[    0.000000] 767MB LOWMEM available.
[    0.000000]   mapped low ram: 0 - 2ff60000
[    0.000000]   low ram: 0 - 2ff60000
[    0.000000] BRK [0x0b68a000, 0x0b68afff] PGTABLE
[    0.000000] Zone ranges:
[    0.000000]   DMA      [mem 0x00001000-0x00ffffff]
[    0.000000]   Normal   [mem 0x01000000-0x2ff5ffff]
[    0.000000]   HighMem  empty
[    0.000000] Movable zone start for each node
[    0.000000] Early memory node ranges
[    0.000000]   node   0: [mem 0x00001000-0x0009efff]
[    0.000000]   node   0: [mem 0x00100000-0x2ff5ffff]
[    0.000000] On node 0 totalpages: 196350
[    0.000000] free_area_init_node: node 0, pgdat 8b4e3ac0, node_mem_map af960020
[    0.000000]   DMA zone: 32 pages used for memmap
[    0.000000]   DMA zone: 0 pages reserved
[    0.000000]   DMA zone: 3998 pages, LIFO batch:0
[    0.000000]   Normal zone: 1503 pages used for memmap
[    0.000000]   Normal zone: 192352 pages, LIFO batch:31
[    0.000000] Using APIC driver default
[    0.000000] ACPI: PM-Timer IO Port: 0x1008
[    0.000000] smpboot: Allowing 1 CPUs, 0 hotplug CPUs
[    0.000000] Local APIC disabled by BIOS -- you can enable it with "lapic"
[    0.000000] APIC: disable apic facility
[    0.000000] APIC: switched to apic NOOP
[    0.000000] nr_irqs_gsi: 16
[    0.000000] e820: [mem 0x30000000-0xff7fffff] available for PCI devices
[    0.000000] Booting paravirtualized kernel on bare hardware
[    0.000000] setup_percpu: NR_CPUS:8 nr_cpumask_bits:8 nr_cpu_ids:1 nr_node_ids:1
[    0.000000] PERCPU: Embedded 14 pages/cpu @af949000 s34432 r0 d22912 u57344
[    0.000000] pcpu-alloc: s34432 r0 d22912 u57344 alloc=14*4096
[    0.000000] pcpu-alloc: [0] 0 
[    0.000000] Built 1 zonelists in Zone order, mobility grouping on.  Total pages: 194815
[    0.000000] Kernel command line: init=/sbin/init boot=local rootwait rw noresume noswap loglevel=7 noinitrd console=tty2 root=/dev/sda3 i915.modeset=1 cros_legacy BOOT_IMAGE=vmlinuz.test6 
[    0.000000] PID hash table entries: 4096 (order: 2, 16384 bytes)
[    0.000000] Dentry cache hash table entries: 131072 (order: 7, 524288 bytes)
[    0.000000] Inode-cache hash table entries: 65536 (order: 6, 262144 bytes)
[    0.000000] Initializing CPU#0
[    0.000000] Initializing HighMem for node 0 (00000000:00000000)
[    0.000000] Memory: 767496K/785400K available (6042K kernel code, 648K rwdata, 2472K rodata, 660K init, 752K bss, 17904K reserved, 0K highmem)
[    0.000000] virtual kernel memory layout:
    fixmap  : 0xfff13000 - 0xfffff000   ( 944 kB)
    pkmap   : 0xff800000 - 0xffc00000   (4096 kB)
    vmalloc : 0xb0760000 - 0xff7fe000   (1264 MB)
    lowmem  : 0x80000000 - 0xaff60000   ( 767 MB)
      .init : 0x8b4f4000 - 0x8b599000   ( 660 kB)
      .data : 0x8b1e6e34 - 0x8b4f4000   (3124 kB)
      .text : 0x8ac00000 - 0x8b1e6e34   (6043 kB)
[    0.000000] Checking if this processor honours the WP bit even in supervisor mode...Ok.
[    0.000000] SLUB: HWalign=64, Order=0-3, MinObjects=0, CPUs=1, Nodes=1
[    0.000000] Hierarchical RCU implementation.
[    0.000000] 	RCU restricting CPUs from NR_CPUS=8 to nr_cpu_ids=1.
[    0.000000] RCU: Adjusting geometry for rcu_fanout_leaf=16, nr_cpu_ids=1
[    0.000000] NR_IRQS:2304 nr_irqs:256 16
[    0.000000] CPU 0 irqstacks, hard=af408000 soft=af40a000
[    0.000000] Console: colour VGA+ 80x25
[    0.000000] console [tty2] enabled
[    0.000000] Initial TSC value: 29025259484
[    0.000000] tsc: Fast TSC calibration using PIT
[    0.000000] Initial usec timer 20806637
[    0.000000] tsc: Detected 1395.554 MHz processor
[    0.001003] Calibrating delay loop (skipped), value calculated using timer frequency.. 2791.10 BogoMIPS (lpj=1395554)
[    0.001085] pid_max: default: 32768 minimum: 301
[    0.001138] ACPI: Core revision 20131218
[    0.013247] ACPI: All ACPI Tables successfully acquired
[    0.013341] ACPI: setting ELCR to 0200 (from 0800)
[    0.013387] acpi_enable!
[    0.014006] ACPI mode enable smi_command = 0xb2 val = 0xf0
[    0.015047] Security Framework initialized
[    0.015092] Yama: becoming mindful.
[    0.015136] Chromium OS LSM: enabled
[    0.015184] Mount-cache hash table entries: 2048 (order: 1, 8192 bytes)
[    0.015258] Mountpoint-cache hash table entries: 2048 (order: 1, 8192 bytes)
[    0.015725] Initializing cgroup subsys devices
[    0.015770] Initializing cgroup subsys freezer
[    0.015847] mce: CPU supports 5 MCE banks
[    0.015916] Last level iTLB entries: 4KB 128, 2MB 0, 4MB 2
Last level dTLB entries: 4KB 128, 2MB 0, 4MB 8, 1GB 0
tlb_flushall_shift: 6
[    0.020725] Freeing SMP alternatives memory: 16K (8b599000 - 8b59d000)
[    0.021408] ftrace: allocating 30397 entries in 60 pages
[    0.039226] smpboot: weird, boot CPU (#0) not listed by the BIOS
[    0.039279] smpboot: SMP motherboard not detected
[    0.040011] smpboot: Local APIC not detected. Using dummy APIC emulation.
[    0.040051] smpboot: SMP disabled
[    0.040107] Performance Events: 
[    0.040138] no APIC, boot with the "lapic" boot parameter to force-enable it.
[    0.040207] no hardware sampling interrupt available.
[    0.040246] p6 PMU driver.
[    0.040284] ... version:                0
[    0.040320] ... bit width:              32
[    0.040356] ... generic registers:      2
[    0.040393] ... value mask:             00000000ffffffff
[    0.040431] ... max period:             000000007fffffff
[    0.040469] ... fixed-purpose events:   0
[    0.040505] ... event mask:             0000000000000003
[    0.043514] x86: Booted up 1 node, 1 CPUs
[    0.043562] smpboot: Total of 1 processors activated (2791.10 BogoMIPS)
[    0.043711] NMI watchdog: disabled (cpu0): not supported (no LAPIC?)
[    0.043971] devtmpfs: initialized
[    0.045276] PM: Registering ACPI NVS region [mem 0x2ff78000-0x2ff79fff] (8192 bytes)
[    0.048309] pinctrl core: initialized pinctrl subsystem
[    0.048427] RTC time:  7:03:41, date: 02/18/16
[    0.048549] NET: Registered protocol family 16
[    0.049233] cpuidle: using governor ladder
[    0.049270] cpuidle: using governor menu
[    0.049760] Switched to clocksource pit
[    0.049798] ACPI: bus type PCI registered
[    0.049798] PCI: PCI BIOS revision 2.10 entry at 0xfd8d6, last bus=8
[    0.049798] PCI: Using configuration type 1 for base access
[    0.055520] bio: create slab <bio-0> at 0
[    0.055726] ACPI: Added _OSI(Module Device)
[    0.055765] ACPI: Added _OSI(Processor Device)
[    0.055803] ACPI: Added _OSI(3.0 _SCP Extensions)
[    0.055841] ACPI: Added _OSI(Processor Aggregator Device)
[    0.058900] ACPI : EC: EC description table is found, configuring boot EC
[    0.073275] ACPI: Interpreter enabled
[    0.073327] ACPI Exception: AE_NOT_FOUND, While evaluating Sleep State [\_S1_] (20131218/hwxface-580)
[    0.073426] ACPI Exception: AE_NOT_FOUND, While evaluating Sleep State [\_S2_] (20131218/hwxface-580)
[    0.073537] ACPI: (supports S0 S3 S5)
[    0.073573] ACPI: Using PIC for interrupt routing
[    0.073649] PCI: Ignoring host bridge windows from ACPI; if necessary, use "pci=use_crs" and report a bug
[    0.075312] ACPI: ACPI Dock Station Driver: 3 docks/bays found
[    0.080654] ACPI: Power Resource [PUBS] (on)
[    0.093306] ACPI: PCI Interrupt Link [LNKA] (IRQs 3 4 5 6 7 9 10 *11)
[    0.093777] ACPI: PCI Interrupt Link [LNKB] (IRQs 3 4 5 6 7 9 10 *11)
[    0.094269] ACPI: PCI Interrupt Link [LNKC] (IRQs 3 4 5 6 7 9 10 *11)
[    0.094736] ACPI: PCI Interrupt Link [LNKD] (IRQs 3 4 5 6 7 9 10 *11)
[    0.095144] ACPI: PCI Interrupt Link [LNKE] (IRQs 3 4 5 6 7 9 10 11) *0, disabled.
[    0.095626] ACPI: PCI Interrupt Link [LNKF] (IRQs 3 4 5 6 7 9 10 11) *0, disabled.
[    0.096085] ACPI: PCI Interrupt Link [LNKG] (IRQs 3 4 5 6 7 9 10 11) *0, disabled.
[    0.096627] ACPI: PCI Interrupt Link [LNKH] (IRQs 3 4 5 6 7 9 10 *11)
[    0.097089] ACPI: PCI Root Bridge [PCI0] (domain 0000 [bus 00-ff])
[    0.097137] acpi PNP0A03:00: _OSC: OS supports [ASPM ClockPM Segments MSI]
[    0.097186] acpi PNP0A03:00: _OSC failed (AE_NOT_FOUND); disabling ASPM
[    0.097289] acpi PNP0A03:00: host bridge window [io  0x0000-0x0cf7] (ignored)
[    0.097295] acpi PNP0A03:00: host bridge window [io  0x0d00-0xffff] (ignored)
[    0.097301] acpi PNP0A03:00: host bridge window [mem 0x000a0000-0x000bffff] (ignored)
[    0.097308] acpi PNP0A03:00: host bridge window [mem 0x000d4000-0x000d7fff] (ignored)
[    0.097314] acpi PNP0A03:00: host bridge window [mem 0x000d8000-0x000dbfff] (ignored)
[    0.097320] acpi PNP0A03:00: host bridge window [mem 0x30000000-0xfebfffff] (ignored)
[    0.097326] PCI: root bus 00: using default resources
[    0.097333] acpi PNP0A03:00: fail to add MMCONFIG information, can't access extended PCI configuration space under this bridge.
[    0.097494] PCI host bridge to bus 0000:00
[    0.097536] pci_bus 0000:00: root bus resource [bus 00-ff]
[    0.097582] pci_bus 0000:00: root bus resource [io  0x0000-0xffff]
[    0.097624] pci_bus 0000:00: root bus resource [mem 0x00000000-0xffffffff]
[    0.097680] pci 0000:00:00.0: [8086:3340] type 00 class 0x060000
[    0.097694] pci 0000:00:00.0: reg 0x10: [mem 0xd0000000-0xdfffffff pref]
[    0.097863] pci 0000:00:01.0: [8086:3341] type 01 class 0x060400
[    0.098041] pci 0000:00:1d.0: [8086:24c2] type 00 class 0x0c0300
[    0.098094] pci 0000:00:1d.0: reg 0x20: [io  0x1800-0x181f]
[    0.098828] pci 0000:00:1d.0: System wakeup disabled by ACPI
[    0.098976] pci 0000:00:1d.1: [8086:24c4] type 00 class 0x0c0300
[    0.099029] pci 0000:00:1d.1: reg 0x20: [io  0x1820-0x183f]
[    0.099132] pci 0000:00:1d.1: System wakeup disabled by ACPI
[    0.099302] pci 0000:00:1d.2: [8086:24c7] type 00 class 0x0c0300
[    0.099355] pci 0000:00:1d.2: reg 0x20: [io  0x1840-0x185f]
[    0.099457] pci 0000:00:1d.2: System wakeup disabled by ACPI
[    0.099615] pci 0000:00:1d.7: [8086:24cd] type 00 class 0x0c0320
[    0.099643] pci 0000:00:1d.7: reg 0x10: [mem 0xc0000000-0xc00003ff]
[    0.099750] pci 0000:00:1d.7: PME# supported from D0 D3hot D3cold
[    0.099906] pci 0000:00:1e.0: [8086:2448] type 01 class 0x060400
[    0.099993] pci 0000:00:1e.0: System wakeup disabled by ACPI
[    0.100132] pci 0000:00:1f.0: [8086:24cc] type 00 class 0x060100
[    0.100210] pci 0000:00:1f.0: quirk: [io  0x1000-0x107f] claimed by ICH4 ACPI/GPIO/TCO
[    0.100285] pci 0000:00:1f.0: quirk: [io  0x1180-0x11bf] claimed by ICH4 GPIO
[    0.100457] pci 0000:00:1f.1: [8086:24ca] type 00 class 0x01018a
[    0.100476] pci 0000:00:1f.1: reg 0x10: [io  0x0000-0x0007]
[    0.100490] pci 0000:00:1f.1: reg 0x14: [io  0x0000-0x0003]
[    0.100504] pci 0000:00:1f.1: reg 0x18: [io  0x0000-0x0007]
[    0.100518] pci 0000:00:1f.1: reg 0x1c: [io  0x0000-0x0003]
[    0.100532] pci 0000:00:1f.1: reg 0x20: [io  0x1860-0x186f]
[    0.100547] pci 0000:00:1f.1: reg 0x24: [mem 0x00000000-0x000003ff]
[    0.100695] pci 0000:00:1f.3: [8086:24c3] type 00 class 0x0c0500
[    0.100748] pci 0000:00:1f.3: reg 0x20: [io  0x1880-0x189f]
[    0.100895] pci 0000:00:1f.5: [8086:24c5] type 00 class 0x040100
[    0.100916] pci 0000:00:1f.5: reg 0x10: [io  0x1c00-0x1cff]
[    0.100929] pci 0000:00:1f.5: reg 0x14: [io  0x18c0-0x18ff]
[    0.100943] pci 0000:00:1f.5: reg 0x18: [mem 0xc0000c00-0xc0000dff]
[    0.100956] pci 0000:00:1f.5: reg 0x1c: [mem 0xc0000800-0xc00008ff]
[    0.101012] pci 0000:00:1f.5: PME# supported from D0 D3hot D3cold
[    0.101158] pci 0000:00:1f.6: [8086:24c6] type 00 class 0x070300
[    0.101179] pci 0000:00:1f.6: reg 0x10: [io  0x2400-0x24ff]
[    0.101193] pci 0000:00:1f.6: reg 0x14: [io  0x2000-0x207f]
[    0.101285] pci 0000:00:1f.6: PME# supported from D0 D3hot D3cold
[    0.101350] pci 0000:00:1f.6: System wakeup disabled by ACPI
[    0.101555] pci 0000:01:00.0: [1002:4c57] type 00 class 0x030000
[    0.101576] pci 0000:01:00.0: reg 0x10: [mem 0xe0000000-0xe7ffffff pref]
[    0.101588] pci 0000:01:00.0: reg 0x14: [io  0x3000-0x30ff]
[    0.101600] pci 0000:01:00.0: reg 0x18: [mem 0xc0100000-0xc010ffff]
[    0.101630] pci 0000:01:00.0: reg 0x30: [mem 0x00000000-0x0001ffff pref]
[    0.101667] pci 0000:01:00.0: supports D1 D2
[    0.101802] pci 0000:00:01.0: PCI bridge to [bus 01]
[    0.101844] pci 0000:00:01.0:   bridge window [io  0x3000-0x3fff]
[    0.101851] pci 0000:00:01.0:   bridge window [mem 0xc0100000-0xc01fffff]
[    0.101858] pci 0000:00:01.0:   bridge window [mem 0xe0000000-0xe7ffffff pref]
[    0.101938] pci 0000:02:00.0: [104c:ac46] type 02 class 0x060700
[    0.101961] pci 0000:02:00.0: reg 0x10: [mem 0xb0000000-0xb0000fff]
[    0.101996] pci 0000:02:00.0: supports D1 D2
[    0.102002] pci 0000:02:00.0: PME# supported from D0 D1 D2 D3hot D3cold
[    0.102143] pci 0000:02:00.2: [104c:802a] type 00 class 0x0c0010
[    0.102166] pci 0000:02:00.2: reg 0x10: [mem 0xc0215000-0xc02157ff]
[    0.102180] pci 0000:02:00.2: reg 0x14: [mem 0xc0210000-0xc0213fff]
[    0.102276] pci 0000:02:00.2: supports D1 D2
[    0.102282] pci 0000:02:00.2: PME# supported from D0 D1 D2 D3hot
[    0.102421] pci 0000:02:01.0: [8086:101e] type 00 class 0x020000
[    0.102446] pci 0000:02:01.0: reg 0x10: [mem 0xc0220000-0xc023ffff]
[    0.102461] pci 0000:02:01.0: reg 0x14: [mem 0xc0200000-0xc020ffff]
[    0.102475] pci 0000:02:01.0: reg 0x18: [io  0x8000-0x803f]
[    0.102513] pci 0000:02:01.0: reg 0x30: [mem 0x00000000-0x0000ffff pref]
[    0.102560] pci 0000:02:01.0: PME# supported from D0 D3hot D3cold
[    0.102692] pci 0000:02:02.0: [8086:1043] type 00 class 0x028000
[    0.102715] pci 0000:02:02.0: reg 0x10: [mem 0xc0214000-0xc0214fff]
[    0.102927] pci 0000:00:1e.0: PCI bridge to [bus 02-08] (subtractive decode)
[    0.102972] pci 0000:00:1e.0:   bridge window [io  0x4000-0x8fff]
[    0.102980] pci 0000:00:1e.0:   bridge window [mem 0xc0200000-0xcfffffff]
[    0.102989] pci 0000:00:1e.0:   bridge window [mem 0xe8000000-0xefffffff pref]
[    0.102995] pci 0000:00:1e.0:   bridge window [io  0x0000-0xffff] (subtractive decode)
[    0.103001] pci 0000:00:1e.0:   bridge window [mem 0x00000000-0xffffffff] (subtractive decode)
[    0.103081] pci_bus 0000:03: busn_res: can not insert [bus 03-ff] under [bus 02-08] (conflicts with (null) [bus 02-08])
[    0.103090] pci_bus 0000:03: busn_res: [bus 03-ff] end is updated to 06
[    0.103109] pci_bus 0000:00: on NUMA node 0
[    0.104262] ACPI : EC: GPE = 0x1c, I/O: command/status = 0x66, data = 0x62
[    0.104567] SCSI subsystem initialized
[    0.104699] libata version 3.00 loaded.
[    0.104772] ACPI: bus type USB registered
[    0.104863] usbcore: registered new interface driver usbfs
[    0.104926] usbcore: registered new interface driver hub
[    0.105012] usbcore: registered new device driver usb
[    0.105097] pps_core: LinuxPPS API ver. 1 registered
[    0.105135] pps_core: Software ver. 5.3.6 - Copyright 2005-2007 Rodolfo Giometti <giometti@linux.it>
[    0.105193] PTP clock support registered
[    0.105430] wmi: Mapper loaded
[    0.105531] chromeos_acpi: installed
[    0.105567] chromeos_acpi: chromeos_acpi: enabling S3 USB wake
[    0.105610] chromeos_acpi: chromeos_acpi: failed to enable S3 USB wake
[    0.105681] Advanced Linux Sound Architecture Driver Initialized.
[    0.105720] PCI: Using ACPI for IRQ routing
[    0.105931] PCI: pci_cache_line_size set to 64 bytes
[    0.105989] e820: reserve RAM buffer [mem 0x0009f000-0x0009ffff]
[    0.105994] e820: reserve RAM buffer [mem 0x2ff60000-0x2fffffff]
[    0.106863] Could not create debugfs 'set_ftrace_filter' entry
[    0.106904] Could not create debugfs 'set_ftrace_notrace' entry
[    0.126533] pnp: PnP ACPI init
[    0.126621] ACPI: bus type PNP registered
[    0.127738] system 00:00: [mem 0x00000000-0x0009ffff] could not be reserved
[    0.127785] system 00:00: [mem 0x000c0000-0x000c3fff] could not be reserved
[    0.127828] system 00:00: [mem 0x000c4000-0x000c7fff] could not be reserved
[    0.127871] system 00:00: [mem 0x000c8000-0x000cbfff] could not be reserved
[    0.127914] system 00:00: [mem 0x000cc000-0x000cffff] could not be reserved
[    0.127958] system 00:00: [mem 0x000d0000-0x000d3fff] could not be reserved
[    0.128001] system 00:00: [mem 0x000dc000-0x000dffff] could not be reserved
[    0.128044] system 00:00: [mem 0x000e0000-0x000e3fff] could not be reserved
[    0.128087] system 00:00: [mem 0x000e4000-0x000e7fff] could not be reserved
[    0.128130] system 00:00: [mem 0x000e8000-0x000ebfff] could not be reserved
[    0.128174] system 00:00: [mem 0x000ec000-0x000effff] could not be reserved
[    0.128217] system 00:00: [mem 0x000f0000-0x000fffff] could not be reserved
[    0.128284] system 00:00: [mem 0x00100000-0x2fffffff] could not be reserved
[    0.128328] system 00:00: [mem 0xfec00000-0xffffffff] could not be reserved
[    0.128374] system 00:00: Plug and Play ACPI device, IDs PNP0c01 (active)
[    0.128555] system 00:01: [io  0x1000-0x107f] has been reserved
[    0.128598] system 00:01: [io  0x1180-0x11bf] has been reserved
[    0.128639] system 00:01: [io  0x15e0-0x15ef] has been reserved
[    0.128681] system 00:01: [io  0x1600-0x167f] has been reserved
[    0.128724] system 00:01: Plug and Play ACPI device, IDs PNP0c02 (active)
[    0.128759] pnp 00:02: [dma 4]
[    0.128817] pnp 00:02: Plug and Play ACPI device, IDs PNP0200 (active)
[    0.128887] pnp 00:03: Plug and Play ACPI device, IDs PNP0800 (active)
[    0.128968] pnp 00:04: Plug and Play ACPI device, IDs PNP0c04 (active)
[    0.129046] pnp 00:05: Plug and Play ACPI device, IDs PNP0b00 (active)
[    0.129119] pnp 00:06: Plug and Play ACPI device, IDs PNP0303 (active)
[    0.129198] pnp 00:07: Plug and Play ACPI device, IDs IBM0057 PNP0f13 (active)
[    0.129291] pnp 00:08: [dma 2]
[    0.129372] pnp 00:08: Plug and Play ACPI device, IDs PNP0700 (active)
[    0.129563] pnp 00:09: Plug and Play ACPI device, IDs PNP0501 (disabled)
[    0.129859] pnp 00:0a: Plug and Play ACPI device, IDs PNP0400 (active)
[    0.130037] pnp 00:0b: [dma 3]
[    0.130199] pnp 00:0b: Plug and Play ACPI device, IDs IBM0071 PNP0511 (active)
[    0.130952] pnp: PnP ACPI: found 12 devices
[    0.130991] ACPI: bus type PNP unregistered
[    0.170235] Switched to clocksource acpi_pm
[    0.170317] pci 0000:00:1f.1: BAR 5: assigned [mem 0x30000000-0x300003ff]
[    0.170366] pci 0000:01:00.0: BAR 6: assigned [mem 0xc0120000-0xc013ffff pref]
[    0.170418] pci 0000:00:01.0: PCI bridge to [bus 01]
[    0.170458] pci 0000:00:01.0:   bridge window [io  0x3000-0x3fff]
[    0.170502] pci 0000:00:01.0:   bridge window [mem 0xc0100000-0xc01fffff]
[    0.170545] pci 0000:00:01.0:   bridge window [mem 0xe0000000-0xe7ffffff pref]
[    0.170605] pci 0000:02:00.0: res[9]=[mem 0x04000000-0x03ffffff pref] get_res_add_size add_size 4000000
[    0.170612] pci 0000:02:00.0: res[10]=[mem 0x04000000-0x03ffffff] get_res_add_size add_size 4000000
[    0.170619] pci 0000:02:00.0: res[7]=[io  0x0100-0x00ff] get_res_add_size add_size 100
[    0.170625] pci 0000:02:00.0: res[8]=[io  0x0100-0x00ff] get_res_add_size add_size 100
[    0.170632] pci 0000:02:00.0: BAR 9: assigned [mem 0xe8000000-0xebffffff pref]
[    0.170684] pci 0000:02:00.0: BAR 10: assigned [mem 0xc4000000-0xc7ffffff]
[    0.170727] pci 0000:02:01.0: BAR 6: assigned [mem 0xec000000-0xec00ffff pref]
[    0.170778] pci 0000:02:00.0: BAR 7: assigned [io  0x4000-0x40ff]
[    0.170820] pci 0000:02:00.0: BAR 8: assigned [io  0x4400-0x44ff]
[    0.170862] pci 0000:02:00.0: CardBus bridge to [bus 03-06]
[    0.170903] pci 0000:02:00.0:   bridge window [io  0x4000-0x40ff]
[    0.170946] pci 0000:02:00.0:   bridge window [io  0x4400-0x44ff]
[    0.170989] pci 0000:02:00.0:   bridge window [mem 0xe8000000-0xebffffff pref]
[    0.171042] pci 0000:02:00.0:   bridge window [mem 0xc4000000-0xc7ffffff]
[    0.171086] pci 0000:00:1e.0: PCI bridge to [bus 02-08]
[    0.171128] pci 0000:00:1e.0:   bridge window [io  0x4000-0x8fff]
[    0.171172] pci 0000:00:1e.0:   bridge window [mem 0xc0200000-0xcfffffff]
[    0.171217] pci 0000:00:1e.0:   bridge window [mem 0xe8000000-0xefffffff pref]
[    0.171304] pci_bus 0000:00: resource 4 [io  0x0000-0xffff]
[    0.171310] pci_bus 0000:00: resource 5 [mem 0x00000000-0xffffffff]
[    0.171316] pci_bus 0000:01: resource 0 [io  0x3000-0x3fff]
[    0.171322] pci_bus 0000:01: resource 1 [mem 0xc0100000-0xc01fffff]
[    0.171328] pci_bus 0000:01: resource 2 [mem 0xe0000000-0xe7ffffff pref]
[    0.171334] pci_bus 0000:02: resource 0 [io  0x4000-0x8fff]
[    0.171339] pci_bus 0000:02: resource 1 [mem 0xc0200000-0xcfffffff]
[    0.171345] pci_bus 0000:02: resource 2 [mem 0xe8000000-0xefffffff pref]
[    0.171351] pci_bus 0000:02: resource 4 [io  0x0000-0xffff]
[    0.171357] pci_bus 0000:02: resource 5 [mem 0x00000000-0xffffffff]
[    0.171363] pci_bus 0000:03: resource 0 [io  0x4000-0x40ff]
[    0.171368] pci_bus 0000:03: resource 1 [io  0x4400-0x44ff]
[    0.171374] pci_bus 0000:03: resource 2 [mem 0xe8000000-0xebffffff pref]
[    0.171380] pci_bus 0000:03: resource 3 [mem 0xc4000000-0xc7ffffff]
[    0.171455] NET: Registered protocol family 2
[    0.171813] TCP established hash table entries: 8192 (order: 3, 32768 bytes)
[    0.171905] TCP bind hash table entries: 8192 (order: 5, 163840 bytes)
[    0.172176] TCP: Hash tables configured (established 8192 bind 8192)
[    0.172283] TCP: reno registered
[    0.172323] UDP hash table entries: 512 (order: 2, 24576 bytes)
[    0.172394] UDP-Lite hash table entries: 512 (order: 2, 24576 bytes)
[    0.172599] NET: Registered protocol family 1
[    0.173067] ACPI: PCI Interrupt Link [LNKA] enabled at IRQ 11
[    0.173108] PCI: setting IRQ 11 as level-triggered
[    0.173442] ACPI: PCI Interrupt Link [LNKD] enabled at IRQ 11
[    0.173801] ACPI: PCI Interrupt Link [LNKC] enabled at IRQ 11
[    0.174180] ACPI: PCI Interrupt Link [LNKH] enabled at IRQ 11
[    0.174308] pci 0000:01:00.0: Boot video device
[    0.174328] PCI: CLS 32 bytes, default 64
[    0.174862] Simple Boot Flag at 0x35 set to 0x1
[    0.175037] microcode: CPU0 sig=0x695, pf=0x20, revision=0x5
[    0.175211] microcode: Microcode Update Driver: v2.00 <tigran@aivazian.fsnet.co.uk>, Peter Oruba
[    0.175436] Scanning for low memory corruption every 60 seconds
[    0.176116] futex hash table entries: 256 (order: 2, 16384 bytes)
[    0.182083] squashfs: version 4.0 (2009/01/31) Phillip Lougher
[    0.182432] msgmni has been set to 1499
[    0.183045] Block layer SCSI generic (bsg) driver version 0.4 loaded (major 250)
[    0.183096] io scheduler noop registered
[    0.183133] io scheduler deadline registered
[    0.183320] io scheduler cfq registered (default)
[    0.183577] pci_hotplug: PCI Hot Plug PCI Core version: 0.5
[    0.183652] pciehp: PCI Express Hot Plug Controller Driver version: 0.4
[    0.183780] intel_idle: does not run on family 6 model 9
[    0.184218] ACPI: AC Adapter [AC] (on-line)
[    0.184649] input: Lid Switch as /devices/LNXSYSTM:00/device:00/PNP0C0D:00/input/input0
[    0.184856] ACPI: Lid Switch [LID]
[    0.185070] input: Sleep Button as /devices/LNXSYSTM:00/device:00/PNP0C0E:00/input/input1
[    0.185124] ACPI: Sleep Button [SLPB]
[    0.185319] input: Power Button as /devices/LNXSYSTM:00/LNXPWRBN:00/input/input2
[    0.185370] ACPI: Power Button [PWRF]
[    0.185567] ACPI: Video Device [VID] (multi-head: yes  rom: no  post: no)
[    0.185915] input: Video Bus as /devices/LNXSYSTM:00/device:00/PNP0A03:00/device:03/LNXVIDEO:00/input/input3
[    0.187228] thermal LNXTHERM:00: registered as thermal_zone0
[    0.187269] ACPI: Thermal Zone [THM0] (46 C)
[    0.187486] Serial: 8250/16550 driver, 4 ports, IRQ sharing enabled
[    0.187742] serial 00:09: [io  0x03f8-0x03ff]
[    0.187794] serial 00:09: [irq 4]
[    0.188240] serial 00:09: activated
[    0.188345] 00:09: ttyS0 at I/O 0x3f8 (irq = 4, base_baud = 921600) is a NS16550A
[    0.200631] ACPI: Battery Slot [BAT0] (battery present)
[    0.444107] serial8250: ttyS1 at I/O 0x2f8 (irq = 3, base_baud = 921600) is a NS16550A
[    0.444877] ACPI: PCI Interrupt Link [LNKB] enabled at IRQ 11
[    0.445201] Non-volatile memory driver v1.3
[    0.445276] intel_rng: FWH not detected
[    0.445395] Linux agpgart interface v0.103
[    0.445518] agpgart-intel 0000:00:00.0: Intel 855PM Chipset
[    0.459111] agpgart-intel 0000:00:00.0: AGP aperture is 256M @ 0xd0000000
[    0.459270] [drm] Initialized drm 1.1.0 20060810
[    0.459740] [drm] Initialized vgem 1.0.0 20120112 on minor 0
[    0.459844] usbcore: registered new interface driver udl
[    0.461771] loop: module loaded
[    0.461820] lkdtm: No crash points registered, enable through debugfs
[    0.462313] ata_piix 0000:00:1f.1: version 2.13
[    0.463719] scsi0 : ata_piix
[    0.463940] scsi1 : ata_piix
[    0.464113] ata1: PATA max UDMA/100 cmd 0x1f0 ctl 0x3f6 bmdma 0x1860 irq 14
[    0.464155] ata2: PATA max UDMA/100 cmd 0x170 ctl 0x376 bmdma 0x1868 irq 15
[    0.464690] e100: Intel(R) PRO/100 Network Driver, 3.5.24-k2-NAPI
[    0.464730] e100: Copyright(c) 1999-2006 Intel Corporation
[    0.464807] e1000: Intel(R) PRO/1000 Network Driver - version 7.3.21-k8-NAPI
[    0.464847] e1000: Copyright (c) 1999-2006 Intel Corporation.
[    0.715061] ata2.00: ATAPI: HL-DT-STDVD-ROM GDR8082N, 0K03, max UDMA/33
[    0.722063] ata2.00: configured for UDMA/33
[    0.737002] scsi 1:0:0:0: CD-ROM            HL-DT-ST DVD-ROM GDR8082N 0K03 PQ: 0 ANSI: 5
[    0.737338] e1000 0000:02:01.0 eth0: (PCI:33MHz:32-bit) 00:0d:60:11:ff:d7
[    0.737387] e1000 0000:02:01.0 eth0: Intel(R) PRO/1000 Network Connection
[    0.737468] e1000e: Intel(R) PRO/1000 Network Driver - 2.3.2-k
[    0.737507] e1000e: Copyright(c) 1999 - 2013 Intel Corporation.
[    0.737589] sky2: driver version 1.30
[    0.737879] ehci_hcd: USB 2.0 'Enhanced' Host Controller (EHCI) Driver
[    0.737920] ehci-pci: EHCI PCI platform driver
[    0.738072] ehci-pci 0000:00:1d.7: EHCI Host Controller
[    0.738193] ehci-pci 0000:00:1d.7: new USB bus registered, assigned bus number 1
[    0.743516] scsi 1:0:0:0: Attached scsi generic sg0 type 5
[    0.743664] ehci-pci 0000:00:1d.7: debug port 1
[    0.747622] ehci-pci 0000:00:1d.7: cache line size of 32 is not supported
[    0.747646] ehci-pci 0000:00:1d.7: irq 11, io mem 0xc0000000
[    0.753043] ehci-pci 0000:00:1d.7: USB 2.0 started, EHCI 1.00
[    0.753176] usb usb1: New USB device found, idVendor=1d6b, idProduct=0002
[    0.753219] usb usb1: New USB device strings: Mfr=3, Product=2, SerialNumber=1
[    0.753269] usb usb1: Product: EHCI Host Controller
[    0.753308] usb usb1: Manufacturer: Linux 3.14.0-test6 ehci_hcd
[    0.753349] usb usb1: SerialNumber: 0000:00:1d.7
[    0.753660] hub 1-0:1.0: USB hub found
[    0.753710] hub 1-0:1.0: 6 ports detected
[    0.754207] ohci_hcd: USB 1.1 'Open' Host Controller (OHCI) Driver
[    0.754252] ohci-pci: OHCI PCI platform driver
[    0.754316] uhci_hcd: USB Universal Host Controller Interface driver
[    0.754432] uhci_hcd 0000:00:1d.0: UHCI Host Controller
[    0.754562] uhci_hcd 0000:00:1d.0: new USB bus registered, assigned bus number 2
[    0.754637] uhci_hcd 0000:00:1d.0: irq 11, io base 0x00001800
[    0.754761] usb usb2: New USB device found, idVendor=1d6b, idProduct=0001
[    0.754805] usb usb2: New USB device strings: Mfr=3, Product=2, SerialNumber=1
[    0.754855] usb usb2: Product: UHCI Host Controller
[    0.754894] usb usb2: Manufacturer: Linux 3.14.0-test6 uhci_hcd
[    0.754935] usb usb2: SerialNumber: 0000:00:1d.0
[    0.755272] hub 2-0:1.0: USB hub found
[    0.755320] hub 2-0:1.0: 2 ports detected
[    0.755638] uhci_hcd 0000:00:1d.1: UHCI Host Controller
[    0.755760] uhci_hcd 0000:00:1d.1: new USB bus registered, assigned bus number 3
[    0.755836] uhci_hcd 0000:00:1d.1: irq 11, io base 0x00001820
[    0.755958] usb usb3: New USB device found, idVendor=1d6b, idProduct=0001
[    0.756001] usb usb3: New USB device strings: Mfr=3, Product=2, SerialNumber=1
[    0.756074] usb usb3: Product: UHCI Host Controller
[    0.756114] usb usb3: Manufacturer: Linux 3.14.0-test6 uhci_hcd
[    0.756154] usb usb3: SerialNumber: 0000:00:1d.1
[    0.756439] hub 3-0:1.0: USB hub found
[    0.756487] hub 3-0:1.0: 2 ports detected
[    0.756784] uhci_hcd 0000:00:1d.2: UHCI Host Controller
[    0.756906] uhci_hcd 0000:00:1d.2: new USB bus registered, assigned bus number 4
[    0.756980] uhci_hcd 0000:00:1d.2: irq 11, io base 0x00001840
[    0.757132] usb usb4: New USB device found, idVendor=1d6b, idProduct=0001
[    0.757175] usb usb4: New USB device strings: Mfr=3, Product=2, SerialNumber=1
[    0.757225] usb usb4: Product: UHCI Host Controller
[    0.757265] usb usb4: Manufacturer: Linux 3.14.0-test6 uhci_hcd
[    0.757305] usb usb4: SerialNumber: 0000:00:1d.2
[    0.757597] hub 4-0:1.0: USB hub found
[    0.757645] hub 4-0:1.0: 2 ports detected
[    0.757960] usbcore: registered new interface driver cdc_acm
[    0.757999] cdc_acm: USB Abstract Control Model driver for USB modems and ISDN adapters
[    0.758109] usbcore: registered new interface driver usblp
[    0.758216] usbcore: registered new interface driver usb-storage
[    0.758281] usbcore: registered new interface driver ums-realtek
[    0.758387] usbcore: registered new interface driver usbserial
[    0.758446] usbcore: registered new interface driver usbserial_generic
[    0.758501] usbserial: USB Serial support registered for generic
[    0.758642] i8042: PNP: PS/2 Controller [PNP0303:KBD,PNP0f13:MOU] at 0x60,0x64 irq 1,12
[    0.764588] serio: i8042 KBD port at 0x60,0x64 irq 1
[    0.764636] serio: i8042 AUX port at 0x60,0x64 irq 12
[    0.764913] mousedev: PS/2 mouse device common for all mice
[    0.765479] rtc_cmos 00:05: RTC can wake from S4
[    0.765717] rtc_cmos 00:05: rtc core: registered rtc_cmos as rtc0
[    0.765779] rtc_cmos 00:05: alarms up to one month, y3k, 114 bytes nvram
[    0.766060] iTCO_wdt: Intel TCO WatchDog Timer Driver v1.10
[    0.766128] iTCO_wdt: Found a ICH4-M TCO device (Version=1, TCOBASE=0x1060)
[    0.766338] iTCO_wdt: initialized. heartbeat=30 sec (nowayout=0)
[    0.766390] iTCO_vendor_support: vendor-support=0
[    0.766703] device-mapper: ioctl: 4.27.0-ioctl (2013-10-30) initialised: dm-devel@redhat.com
[    0.766889] device-mapper: verity-chromeos: dm-verity-chromeos registered
[    0.766931] device-mapper: bootcache: version 0.1.0 loaded
[    0.767090] sdhci: Secure Digital Host Controller Interface driver
[    0.767129] sdhci: Copyright(c) Pierre Ossman
[    0.767252] hidraw: raw HID events driver (C) Jiri Kosina
[    0.767598] usbcore: registered new interface driver usbhid
[    0.767649] usbhid: USB HID core driver
[    0.767759] ashmem: initialized
[    0.767818] goldfish_pdev_bus goldfish_pdev_bus: unable to reserve Goldfish MMIO.
[    0.767872] goldfish_pdev_bus: probe of goldfish_pdev_bus failed with error -16
[    0.768347] Netfilter messages via NETLINK v0.30.
[    0.768426] nf_conntrack version 0.5.0 (11992 buckets, 47968 max)
[    0.768799] ctnetlink v0.93: registering with nfnetlink.
[    0.768989] ip_tables: (C) 2000-2006 Netfilter Core Team
[    0.769107] TCP: cubic registered
[    0.769143] Initializing XFRM netlink socket
[    0.769450] input: AT Translated Set 2 keyboard as /devices/platform/i8042/serio0/input/input4
[    0.770062] NET: Registered protocol family 10
[    0.770606] NET: Registered protocol family 17
[    0.771285] Using IPI No-Shortcut mode
[    0.772245]   Magic number: 4:580:66
[    0.772406] console [netcon0] enabled
[    0.772442] netconsole: network logging started
[    0.772615] ALSA device list:
[    0.772651]   No soundcards found.
[    0.772908] md: Waiting for all devices to be available before autodetect
[    0.772949] md: If you don't use raid, use raid=noautodetect
[    0.774563] atkbd serio1: bad keyboard id 0
[    0.774603] atkbd serio1: probe failed
[    1.107052] usb 1-4: new high-speed USB device number 3 using ehci-pci
[    1.176043] tsc: Refined TSC clocksource calibration: 1395.471 MHz
[    1.222412] usb 1-4: New USB device found, idVendor=0781, idProduct=5580
[    1.222456] usb 1-4: New USB device strings: Mfr=1, Product=2, SerialNumber=3
[    1.222499] usb 1-4: Product: Extreme
[    1.222538] usb 1-4: Manufacturer: SanDisk
[    1.222577] usb 1-4: SerialNumber: AA010429132345397396
[    1.223004] usb-storage 1-4:1.0: USB Mass Storage device detected
[    1.223164] scsi2 : usb-storage 1-4:1.0
[    1.451967] psmouse serio1: synaptics: Touchpad model: 1, fw: 5.9, id: 0x2c6ab1, caps: 0x884793/0x0/0x0, board id: 71, fw id: 4797594
[    1.452048] psmouse serio1: synaptics: serio: Synaptics pass-through port at isa0060/serio1/input0
[    1.491736] input: SynPS/2 Synaptics TouchPad as /devices/platform/i8042/serio1/input/input6
[    1.495265] md: Autodetecting RAID arrays.
[    1.495303] md: Scanned 0 and added 0 devices.
[    1.495340] md: autorun ...
[    1.495374] md: ... autorun DONE.
[    1.495426] Waiting for root device /dev/sda3...
[    1.533052] usb 3-1: new low-speed USB device number 2 using uhci_hcd
[    1.732777] usb 3-1: New USB device found, idVendor=1c4f, idProduct=0002
[    1.732832] usb 3-1: New USB device strings: Mfr=1, Product=2, SerialNumber=0
[    1.732874] usb 3-1: Product: USB Keykoard
[    1.732912] usb 3-1: Manufacturer: USB
[    1.749930] input: USB USB Keykoard as /devices/pci0000:00/0000:00:1d.1/usb3/3-1/3-1:1.0/0003:1C4F:0002.0001/input/input8
[    1.750159] hid-generic 0003:1C4F:0002.0001: input,hidraw0: USB HID v1.10 Keyboard [USB USB Keykoard] on usb-0000:00:1d.1-1/input0
[    1.767034] input: USB USB Keykoard as /devices/pci0000:00/0000:00:1d.1/usb3/3-1/3-1:1.1/0003:1C4F:0002.0002/input/input9
[    1.767237] hid-generic 0003:1C4F:0002.0002: input,hidraw1: USB HID v1.10 Device [USB USB Keykoard] on usb-0000:00:1d.1-1/input1
[    2.176084] Switched to clocksource tsc
[    2.224662] scsi 2:0:0:0: Direct-Access     SanDisk  Extreme          0001 PQ: 0 ANSI: 6
[    2.225115] sd 2:0:0:0: Attached scsi generic sg1 type 0
[    2.225752] sd 2:0:0:0: [sda] 31277232 512-byte logical blocks: (16.0 GB/14.9 GiB)
[    2.226746] sd 2:0:0:0: [sda] Write Protect is off
[    2.226789] sd 2:0:0:0: [sda] Mode Sense: 33 00 00 08
[    2.227872] sd 2:0:0:0: [sda] Write cache: enabled, read cache: enabled, doesn't support DPO or FUA
[    2.232141]  sda: sda1 sda2 sda3
[    2.235621] sd 2:0:0:0: [sda] Attached SCSI disk
[    4.426021] psmouse serio2: alps: Unknown ALPS touchpad: E7=10 00 64, EC=10 00 64
[    5.756044] psmouse serio2: trackpoint: IBM TrackPoint firmware: 0x0e, buttons: 3/3
[    5.958767] input: TPPS/2 IBM TrackPoint as /devices/platform/i8042/serio1/serio2/input/input7
[    6.041502] EXT4-fs (sda3): couldn't mount as ext3 due to feature incompatibilities
[    6.042118] EXT4-fs (sda3): mounting ext2 file system using the ext4 subsystem
[    6.045129] EXT4-fs (sda3): warning: mounting unchecked fs, running e2fsck is recommended
[    6.054795] EXT4-fs (sda3): mounted filesystem without journal. Opts: (null)
[    6.054851] VFS: Mounted root (ext2 filesystem) on device 8:3.
[    6.057512] devtmpfs: mounted
[    6.058077] Freeing unused kernel memory: 660K (8b4f4000 - 8b599000)
[    6.058279] Write protecting the kernel text: 6044k
[    6.058430] Write protecting the kernel read-only data: 2476k
[    6.281395] random: init urandom read with 105 bits of entropy available
[    6.413935] random: nonblocking pool is initialized
[    6.735774] Chromium OS LSM: dev(8,3): writable
[    6.735835] Chromium OS LSM: module locking can be disabled.
[    6.735885] Chromium OS LSM: init_module locked obj="/lib/modules/3.14.0-test6/kernel/drivers/net/tun.ko" pid=82 cmdline="modprobe tun"
[    6.749639] tun: Universal TUN/TAP device driver, 1.6
[    6.749687] tun: (C) 1999-2004 Max Krasnyansky <maxk@qualcomm.com>
[    6.779784] PPP generic driver version 2.4.2
[    6.845479] systemd-udevd[105]: starting version 208
[    6.979058] NMI watchdog: disabled (cpu0): not supported (no LAPIC?)
[    6.979656] Unsafe core_pattern used with suid_dumpable=2. Pipe handler or fully qualified core dump path required.
[    7.210736] EXT4-fs (sda1): mounted filesystem with ordered data mode. Opts: commit=600
[    7.289468] lib80211: common routines for IEEE802.11 drivers
[    7.289518] lib80211_crypt: registered algorithm 'NULL'
[    7.550178] cfg80211: Calling CRDA to update world regulatory domain
[    7.744432] libipw: 802.11 data/management/control stack, git-1.1.13
[    7.744486] libipw: Copyright (C) 2004-2005 Intel Corporation <jketreno@linux.intel.com>
[    7.787872] ipw2100: Intel(R) PRO/Wireless 2100 Network Driver, git-1.2.2
[    7.787924] ipw2100: Copyright(c) 2003-2006 Intel Corporation
[    7.788840] ipw2100: Detected Intel PRO/Wireless 2100 Network Connection
[    7.789776] ipw2100 0000:02:02.0: Direct firmware load failed with error -2
[    7.789824] ipw2100 0000:02:02.0: Falling back to user helper
[    7.790989] ipw2100: eth%d: Firmware 'ipw2100-1.3.fw' not available or load failed.
[    7.791080] ipw2100: eth%d: ipw2100_get_firmware failed: -2
[    7.791121] ipw2100: eth%d: Failed to power on the adapter.
[    7.791160] ipw2100: eth%d: Failed to start the firmware.
[    7.791542] ipw2100 0000:02:02.0: Driver probe function unexpectedly returned 1
[    7.827114] cfg80211: World regulatory domain updated:
[    7.827166] cfg80211:  DFS Master region: unset
[    7.827197] cfg80211:   (start_freq - end_freq @ bandwidth), (max_antenna_gain, max_eirp)
[    7.827278] cfg80211:   (2402000 KHz - 2472000 KHz @ 40000 KHz), (N/A, 2000 mBm)
[    7.827329] cfg80211:   (2457000 KHz - 2482000 KHz @ 40000 KHz), (N/A, 2000 mBm)
[    7.827380] cfg80211:   (2474000 KHz - 2494000 KHz @ 20000 KHz), (N/A, 2000 mBm)
[    7.827431] cfg80211:   (5170000 KHz - 5250000 KHz @ 80000 KHz), (N/A, 2000 mBm)
[    7.827481] cfg80211:   (5250000 KHz - 5330000 KHz @ 80000 KHz), (N/A, 2000 mBm)
[    7.827532] cfg80211:   (5490000 KHz - 5730000 KHz @ 160000 KHz), (N/A, 2000 mBm)
[    7.827582] cfg80211:   (5735000 KHz - 5835000 KHz @ 80000 KHz), (N/A, 2000 mBm)
[    7.827632] cfg80211:   (57240000 KHz - 63720000 KHz @ 2160000 KHz), (N/A, 0 mBm)
[    8.156643] [drm] radeon kernel modesetting enabled.
[    8.162233] [drm] initializing kernel modesetting (RV200 0x1002:0x4C57 0x1014:0x0530).
[    8.162318] [drm] register mmio base: 0xC0100000
[    8.162389] [drm] register mmio size: 65536
[    8.168906] agpgart-intel 0000:00:00.0: AGP 2.0 bridge
[    8.168973] agpgart-intel 0000:00:00.0: putting AGP V2 device into 1x mode
[    8.169088] radeon 0000:01:00.0: putting AGP V2 device into 1x mode
[    8.169160] radeon 0000:01:00.0: GTT: 256M 0xD0000000 - 0xDFFFFFFF
[    8.169209] radeon 0000:01:00.0: VRAM: 128M 0x00000000E0000000 - 0x00000000E7FFFFFF (32M used)
[    8.173300] [drm] Detected VRAM RAM=128M, BAR=128M
[    8.173351] [drm] RAM width 64bits DDR
[    8.177593] [TTM] Zone  kernel: Available graphics memory: 384086 kiB
[    8.177646] [TTM] Initializing pool allocator
[    8.177738] [drm] radeon: 32M of VRAM memory ready
[    8.177780] [drm] radeon: 256M of GTT memory ready.
[    8.177873] [drm] radeon: power management initialized
[    8.188224] radeon 0000:01:00.0: WB disabled
[    8.188298] radeon 0000:01:00.0: fence driver on ring 0 use gpu addr 0x00000000d0000000 and cpu addr 0xb077c000
[    8.189098] [drm] Supports vblank timestamp caching Rev 2 (21.10.2013).
[    8.189142] [drm] Driver supports precise vblank timestamp query.
[    8.189199] [drm] radeon: irq initialized.
[    8.189294] [drm] Loading R100 Microcode
[    8.195247] [drm] radeon: ring at 0x00000000D0001000
[    8.195320] [drm] ring test succeeded in 1 usecs
[    8.195708] [drm] ib test succeeded in 0 usecs
[    8.204176] [drm] Panel ID String: 1024x768                
[    8.204228] [drm] Panel Size 1024x768
[    8.204438] [drm] No TV DAC info found in BIOS
[    8.224760] [drm] radeon legacy LVDS backlight initialized
[    8.224802] [drm] Radeon Display Connectors
[    8.224839] [drm] Connector 0:
[    8.224874] [drm]   VGA-1
[    8.224911] [drm]   DDC: 0x60 0x60 0x60 0x60 0x60 0x60 0x60 0x60
[    8.224950] [drm]   Encoders:
[    8.224985] [drm]     CRT1: INTERNAL_DAC1
[    8.225034] [drm] Connector 1:
[    8.225069] [drm]   DVI-D-1
[    8.225104] [drm]   HPD1
[    8.225140] [drm]   DDC: 0x64 0x64 0x64 0x64 0x64 0x64 0x64 0x64
[    8.225179] [drm]   Encoders:
[    8.225214] [drm]     DFP1: INTERNAL_TMDS1
[    8.225251] [drm] Connector 2:
[    8.225286] [drm]   LVDS-1
[    8.225320] [drm]   Encoders:
[    8.225355] [drm]     LCD1: INTERNAL_LVDS
[    8.225392] [drm] Connector 3:
[    8.225427] [drm]   SVIDEO-1
[    8.225462] [drm]   Encoders:
[    8.225498] [drm]     TV1: INTERNAL_DAC2
[    8.397933] [drm] fb mappable at 0xE0040000
[    8.397981] [drm] vram apper at 0xE0000000
[    8.398043] [drm] size 786432
[    8.398079] [drm] fb depth is 8
[    8.398114] [drm]    pitch is 1024
[    8.398428] fbcon: radeondrmfb (fb0) is primary device
